// Jest Snapshot v1, https://goo.gl/fbAQLP

exports[`UsersPage UsersPage snapshot 1`] = `
Object {
  "asFragment": [Function],
  "baseElement": <body>
    <div>
      <div
        class="usersPage"
      >
        <form
          class="form"
          data-testid="form"
        >
          <h2
            class="form__title"
          >
            Add new user
          </h2>
          <div
            class="form__group"
          >
            <label
              for="name"
            >
              <p
                class="form__text"
              >
                Name:
              </p>
              <input
                class="form__input"
                name="name"
                type="text"
              />
            </label>
          </div>
          <div
            class="form__group"
          >
            <label
              for="surname"
            >
              <p
                class="form__text"
              >
                Surname:
              </p>
              <input
                class="form__input"
                name="surname"
              />
            </label>
          </div>
          <div
            class="form__group"
          >
            <label
              for="birthday"
            >
              <p
                class="form__text"
              >
                Birthday:
              </p>
              <input
                class="form__input"
                name="birthday"
                type="date"
              />
            </label>
          </div>
          <div
            class="form__group"
          >
            <label
              for="country"
            >
              <p
                class="form__text"
              >
                Country:
              </p>
              <select
                class="form__input"
                name="country"
              >
                <option
                  value="Russia"
                >
                  Russia
                </option>
                <option
                  value="Belarus"
                >
                  Belarus
                </option>
                <option
                  value="Ukraine"
                >
                  Ukraine
                </option>
              </select>
            </label>
          </div>
          <div
            class="form__group form__group_switch"
          >
            <p
              class="form__text"
            >
              Male
            </p>
            <label
              class="switch"
            >
              <input
                class="switch__input"
                name="gender"
                type="checkbox"
              />
              <span
                class="switch__slider"
              />
            </label>
            <p
              class="form__text"
            >
              Female
            </p>
          </div>
          <div
            class="form__group file"
          >
            <p
              class="form__text file__text"
            >
              Choose a profile picture:
            </p>
            <label
              class="form__btn"
              for="avatar"
            >
              <input
                accept=".png, .jpeg, .jpg, .svg"
                class="file__input"
                id="avatar"
                name="avatar"
                type="file"
              />
              Add file
            </label>
            
          </div>
          <div
            class="form__group"
          >
            <label
              class="check"
            >
              <p
                class="form__text"
              >
                I gree
              </p>
              <input
                class="check__input"
                name="agree"
                type="checkbox"
              />
              <span
                class="check__box"
              />
            </label>
          </div>
          <div
            class="form__group"
          >
            <button
              class="form__btn"
              disabled=""
              type="submit"
            >
              Submit
            </button>
          </div>
        </form>
      </div>
    </div>
  </body>,
  "container": <div>
    <div
      class="usersPage"
    >
      <form
        class="form"
        data-testid="form"
      >
        <h2
          class="form__title"
        >
          Add new user
        </h2>
        <div
          class="form__group"
        >
          <label
            for="name"
          >
            <p
              class="form__text"
            >
              Name:
            </p>
            <input
              class="form__input"
              name="name"
              type="text"
            />
          </label>
        </div>
        <div
          class="form__group"
        >
          <label
            for="surname"
          >
            <p
              class="form__text"
            >
              Surname:
            </p>
            <input
              class="form__input"
              name="surname"
            />
          </label>
        </div>
        <div
          class="form__group"
        >
          <label
            for="birthday"
          >
            <p
              class="form__text"
            >
              Birthday:
            </p>
            <input
              class="form__input"
              name="birthday"
              type="date"
            />
          </label>
        </div>
        <div
          class="form__group"
        >
          <label
            for="country"
          >
            <p
              class="form__text"
            >
              Country:
            </p>
            <select
              class="form__input"
              name="country"
            >
              <option
                value="Russia"
              >
                Russia
              </option>
              <option
                value="Belarus"
              >
                Belarus
              </option>
              <option
                value="Ukraine"
              >
                Ukraine
              </option>
            </select>
          </label>
        </div>
        <div
          class="form__group form__group_switch"
        >
          <p
            class="form__text"
          >
            Male
          </p>
          <label
            class="switch"
          >
            <input
              class="switch__input"
              name="gender"
              type="checkbox"
            />
            <span
              class="switch__slider"
            />
          </label>
          <p
            class="form__text"
          >
            Female
          </p>
        </div>
        <div
          class="form__group file"
        >
          <p
            class="form__text file__text"
          >
            Choose a profile picture:
          </p>
          <label
            class="form__btn"
            for="avatar"
          >
            <input
              accept=".png, .jpeg, .jpg, .svg"
              class="file__input"
              id="avatar"
              name="avatar"
              type="file"
            />
            Add file
          </label>
          
        </div>
        <div
          class="form__group"
        >
          <label
            class="check"
          >
            <p
              class="form__text"
            >
              I gree
            </p>
            <input
              class="check__input"
              name="agree"
              type="checkbox"
            />
            <span
              class="check__box"
            />
          </label>
        </div>
        <div
          class="form__group"
        >
          <button
            class="form__btn"
            disabled=""
            type="submit"
          >
            Submit
          </button>
        </div>
      </form>
    </div>
  </div>,
  "debug": [Function],
  "findAllByAltText": [Function],
  "findAllByDisplayValue": [Function],
  "findAllByLabelText": [Function],
  "findAllByPlaceholderText": [Function],
  "findAllByRole": [Function],
  "findAllByTestId": [Function],
  "findAllByText": [Function],
  "findAllByTitle": [Function],
  "findByAltText": [Function],
  "findByDisplayValue": [Function],
  "findByLabelText": [Function],
  "findByPlaceholderText": [Function],
  "findByRole": [Function],
  "findByTestId": [Function],
  "findByText": [Function],
  "findByTitle": [Function],
  "getAllByAltText": [Function],
  "getAllByDisplayValue": [Function],
  "getAllByLabelText": [Function],
  "getAllByPlaceholderText": [Function],
  "getAllByRole": [Function],
  "getAllByTestId": [Function],
  "getAllByText": [Function],
  "getAllByTitle": [Function],
  "getByAltText": [Function],
  "getByDisplayValue": [Function],
  "getByLabelText": [Function],
  "getByPlaceholderText": [Function],
  "getByRole": [Function],
  "getByTestId": [Function],
  "getByText": [Function],
  "getByTitle": [Function],
  "queryAllByAltText": [Function],
  "queryAllByDisplayValue": [Function],
  "queryAllByLabelText": [Function],
  "queryAllByPlaceholderText": [Function],
  "queryAllByRole": [Function],
  "queryAllByTestId": [Function],
  "queryAllByText": [Function],
  "queryAllByTitle": [Function],
  "queryByAltText": [Function],
  "queryByDisplayValue": [Function],
  "queryByLabelText": [Function],
  "queryByPlaceholderText": [Function],
  "queryByRole": [Function],
  "queryByTestId": [Function],
  "queryByText": [Function],
  "queryByTitle": [Function],
  "rerender": [Function],
  "unmount": [Function],
}
`;
